// Jest Snapshot v1, https://goo.gl/fbAQLP

exports[`DividerControl Should render alignment control 1`] = `
<WithStyles(ForwardRef(ButtonGroup))
  size="small"
  variant="contained"
>
  <WithStyles(ForwardRef(Button))
    onClick={[Function]}
  >
    <RemoveIcon />
  </WithStyles(ForwardRef(Button))>
</WithStyles(ForwardRef(ButtonGroup))>
`;
