// Jest Snapshot v1, https://goo.gl/fbAQLP

exports[`BlockStyleControl Should render block style control 1`] = `
<WithStyles(ForwardRef(FormControl))
  style={
    Object {
      "width": "120px",
    }
  }
>
  <WithStyles(ForwardRef(Input))
    endAdornment={
      <ForwardRef(WithStyles)
        position="end"
      >
        <Memo
          style={
            Object {
              "color": "rgba(0, 0, 0, 0.54)",
            }
          }
        />
      </ForwardRef(WithStyles)>
    }
    inputProps={
      Object {
        "readOnly": true,
      }
    }
    onClick={[Function]}
    value="Paragraph"
  />
  <WithStyles(ForwardRef(Menu))
    anchorEl={null}
    keepMounted={true}
    onClose={[Function]}
    open={false}
  >
    <WithStyles(ForwardRef(MenuItem))
      key="paragraph"
      onClick={[Function]}
    >
      <WithStyles(ForwardRef(Typography))
        variant="body1"
      >
        Paragraph
      </WithStyles(ForwardRef(Typography))>
    </WithStyles(ForwardRef(MenuItem))>
    <WithStyles(ForwardRef(MenuItem))
      key="header-one"
      onClick={[Function]}
    >
      <WithStyles(ForwardRef(Typography))
        variant="h1"
      >
        H1
      </WithStyles(ForwardRef(Typography))>
    </WithStyles(ForwardRef(MenuItem))>
    <WithStyles(ForwardRef(MenuItem))
      key="header-two"
      onClick={[Function]}
    >
      <WithStyles(ForwardRef(Typography))
        variant="h2"
      >
        H2
      </WithStyles(ForwardRef(Typography))>
    </WithStyles(ForwardRef(MenuItem))>
    <WithStyles(ForwardRef(MenuItem))
      key="header-three"
      onClick={[Function]}
    >
      <WithStyles(ForwardRef(Typography))
        variant="h3"
      >
        H3
      </WithStyles(ForwardRef(Typography))>
    </WithStyles(ForwardRef(MenuItem))>
    <WithStyles(ForwardRef(MenuItem))
      key="header-four"
      onClick={[Function]}
    >
      <WithStyles(ForwardRef(Typography))
        variant="h4"
      >
        H4
      </WithStyles(ForwardRef(Typography))>
    </WithStyles(ForwardRef(MenuItem))>
    <WithStyles(ForwardRef(MenuItem))
      key="header-five"
      onClick={[Function]}
    >
      <WithStyles(ForwardRef(Typography))
        variant="h5"
      >
        H5
      </WithStyles(ForwardRef(Typography))>
    </WithStyles(ForwardRef(MenuItem))>
    <WithStyles(ForwardRef(MenuItem))
      key="header-six"
      onClick={[Function]}
    >
      <WithStyles(ForwardRef(Typography))
        variant="h6"
      >
        H6
      </WithStyles(ForwardRef(Typography))>
    </WithStyles(ForwardRef(MenuItem))>
  </WithStyles(ForwardRef(Menu))>
</WithStyles(ForwardRef(FormControl))>
`;
